ISPlge4_IS110_IS1111	1342	1342	1	1342	dbj|LC746220.1|	Uncultured bacterium plasmid pLBC3_2 DNA, complete sequence	LC746220	145941	99882	98541	100.000	0	0	0.0	2479
ISPlge4_IS110_IS1111	1342	1342	1	1342	gb|CP089327.1|	Klebsiella pneumoniae strain KP062 plasmid pKP062-2, complete sequence	CP089327	153468	94128	92787	100.000	0	0	0.0	2479
ISPlge4_IS110_IS1111	1342	1342	1	1342	gb|CP084790.1|	Klebsiella quasipneumoniae subsp. quasipneumoniae strain U41 plasmid pKqq_U41_1, complete sequence	CP084790	205084	177417	178758	100.000	0	0	0.0	2479
ISPlge4_IS110_IS1111	1342	1342	1	1342	gb|CP084789.1|	Klebsiella quasipneumoniae subsp. quasipneumoniae strain U41 chromosome, complete genome	CP084789	5456874	5103437	5104778	100.000	0	0	0.0	2479
ISPlge4_IS110_IS1111	1342	1342	1	1342	gb|CP065841.1|	Klebsiella quasipneumoniae strain KqPF9 chromosome, complete genome	CP065841	5272842	700120	701461	100.000	0	0	0.0	2479
ISPlge4_IS110_IS1111	1342	1342	1	1342	gb|CP058119.1|	Klebsiella michiganensis strain RHBSTW-00167 plasmid pRHBSTW-00167_2, complete sequence	CP058119	223875	100273	98932	100.000	0	0	0.0	2479
ISPlge4_IS110_IS1111	1342	1342	1	1342	gb|CP058119.1|	Klebsiella michiganensis strain RHBSTW-00167 plasmid pRHBSTW-00167_2, complete sequence	CP058119	223875	176918	175577	100.000	0	0	0.0	2479
ISPlge4_IS110_IS1111	1342	1342	1	1342	gb|CP058118.1|	Klebsiella michiganensis strain RHBSTW-00167 chromosome, complete genome	CP058118	6041083	4402865	4401524	100.000	0	0	0.0	2479
ISPlge4_IS110_IS1111	1342	1342	1	1342	gb|CP044111.1|	Klebsiella michiganensis strain FDAARGOS_647 plasmid unnamed2	CP044111	490750	424677	423336	100.000	0	0	0.0	2479
ISPlge4_IS110_IS1111	1342	1342	1	1342	gb|CP044109.1|	Klebsiella michiganensis strain FDAARGOS_647 chromosome, complete genome	CP044109	6114383	1187853	1186512	100.000	0	0	0.0	2479
ISPlge4_IS110_IS1111	1342	1342	1	1342	gb|CP041515.1|	Klebsiella michiganensis strain KNU07 chromosome, complete genome	CP041515	6067133	3954618	3953277	100.000	0	0	0.0	2479
ISPlge4_IS110_IS1111	1342	1342	1	1342	gb|CP041514.1|	Klebsiella michiganensis strain KNU07 plasmid unnamed, complete sequence	CP041514	203764	56028	54687	100.000	0	0	0.0	2479
ISPlge4_IS110_IS1111	1342	1342	1	1342	gb|CP041514.1|	Klebsiella michiganensis strain KNU07 plasmid unnamed, complete sequence	CP041514	203764	168161	169502	100.000	0	0	0.0	2479
ISPlge4_IS110_IS1111	1342	1342	1	1342	gb|CP014777.1|	Pluralibacter gergoviae strain FB2 plasmid pFB2.2, complete sequence	CP014777	147881	70882	69541	100.000	0	0	0.0	2479
ISPlge4_IS110_IS1111	1342	1342	1	1342	dbj|AP026913.1|	Klebsiella pneumoniae Kp21r_f22 DNA, complete genome	AP026913	5289987	4588477	4589818	100.000	0	0	0.0	2479
ISPlge4_IS110_IS1111	1342	1342	1	1342	dbj|AP026913.1|	Klebsiella pneumoniae Kp21r_f22 DNA, complete genome	AP026913	5289987	4987479	4988820	100.000	0	0	0.0	2479
ISPlge4_IS110_IS1111	1342	1342	1	1342	dbj|AP026912.1|	Klebsiella pneumoniae Kp21_f22 DNA, complete genome	AP026912	5293903	4592630	4593971	100.000	0	0	0.0	2479
ISPlge4_IS110_IS1111	1342	1342	1	1342	dbj|AP026912.1|	Klebsiella pneumoniae Kp21_f22 DNA, complete genome	AP026912	5293903	4991395	4992736	100.000	0	0	0.0	2479
ISPlge4_IS110_IS1111	1342	1342	1	1342	dbj|AP022358.1|	Klebsiella pneumoniae E278 plasmid pE278_IMP6 DNA, complete sequence	AP022358	192008	165611	166952	100.000	0	0	0.0	2479
ISPlge4_IS110_IS1111	1342	1342	1	1342	dbj|AP022115.1|	Klebsiella quasipneumoniae plasmid pWP5-W18-ESBL-06_3 DNA, complete genome, strain: WP5-W18-ESBL-06	AP022115	107360	52551	51210	100.000	0	0	0.0	2479
ISPlge4_IS110_IS1111	1342	1342	1	1342	dbj|AP022114.1|	Klebsiella quasipneumoniae plasmid pWP5-W18-ESBL-06_2 DNA, complete genome, strain: WP5-W18-ESBL-06	AP022114	120877	47471	48812	100.000	0	0	0.0	2479
ISPlge4_IS110_IS1111	1342	1342	1	1342	dbj|AP022113.1|	Klebsiella quasipneumoniae plasmid pWP5-W18-ESBL-06_1 DNA, complete genome, strain: WP5-W18-ESBL-06	AP022113	190538	95950	94609	100.000	0	0	0.0	2479
ISPlge4_IS110_IS1111	1342	1342	1	1342	dbj|AP022009.1|	Klebsiella quasipneumoniae plasmid pWP3-S18-CRE-02_4 DNA, complete genome, strain: WP3-S18-CRE-02	AP022009	55811	6491	5150	100.000	0	0	0.0	2479
ISPlge4_IS110_IS1111	1342	1342	1	1342	dbj|AP022006.1|	Klebsiella quasipneumoniae plasmid pWP3-S18-CRE-02_1 DNA, complete genome, strain: WP3-S18-CRE-02	AP022006	143641	10957	12298	100.000	0	0	0.0	2479
ISPlge4_IS110_IS1111	1342	1342	1	1342	dbj|AP019405.1|	Klebsiella pneumoniae E196 plasmid pE196_IMP6 DNA, complete sequence	AP019405	250392	178008	179349	100.000	0	0	0.0	2479
ISPlge4_IS110_IS1111	1342	1342	1	1342	dbj|AP019401.1|	Klebsiella pneumoniae E013 plasmid pE013 DNA, complete sequence	AP019401	181837	109559	110900	100.000	0	0	0.0	2479
ISPlge4_IS110_IS1111	1342	1342	1	1342	gb|CP061932.1|	Klebsiella michiganensis strain BD-50-Km plasmid pBD-50-Km_2, complete sequence	CP061932	202348	76839	78180	99.925	1	0	0.0	2473
ISPlge4_IS110_IS1111	1342	1342	1	1342	gb|CP055332.1|	Klebsiella quasipneumoniae strain RHBSTW-00268 plasmid pRHBSTW-00268_3, complete sequence	CP055332	144822	99721	98380	99.925	1	0	0.0	2473
ISPlge4_IS110_IS1111	1342	1342	1	1342	dbj|AP022112.1|	Klebsiella quasipneumoniae DNA, complete genome, strain: WP5-W18-ESBL-06	AP022112	5491903	5233663	5235000	99.702	0	4	0.0	2453
ISPlge4_IS110_IS1111	1342	1342	1	1342	gb|MT468575.1|	Enterobacter roggenkampii strain YK16 mcr-10-harboring plasmid pYK16-mcr-10, complete sequence	MT468575	117855	47336	48677	99.553	6	0	0.0	2446
ISPlge4_IS110_IS1111	1342	1342	1	1342	gb|CP099749.1|	Klebsiella pneumoniae strain 806883-10-2019 plasmid p806883-10-2019a, complete sequence	CP099749	243395	222331	223672	99.553	6	0	0.0	2446
ISPlge4_IS110_IS1111	1342	1342	1	1342	gb|CP099744.1|	Klebsiella pneumoniae strain 503666-2-2019 plasmid p503666-2-2019a, complete sequence	CP099744	243656	222592	223933	99.553	6	0	0.0	2446
ISPlge4_IS110_IS1111	1342	1342	1	1342	emb|OW967382.1|	Klebsiella pneumoniae isolate 405 genome assembly, plasmid: P1	OW967382	244129	233092	234433	99.478	7	0	0.0	2440
ISPlge4_IS110_IS1111	1342	1342	1	1342	gb|CP110559.1|	Klebsiella pneumoniae strain INF358 plasmid pINF358.3, complete sequence	CP110559	269860	232667	231326	99.478	7	0	0.0	2440
ISPlge4_IS110_IS1111	1342	1342	1	1342	gb|CP096811.1|	Klebsiella pneumoniae strain Bio19 plasmid pBio19, complete sequence	CP096811	292530	1811	470	99.478	7	0	0.0	2440
ISPlge4_IS110_IS1111	1342	1342	1	1342	gb|CP096810.1|	Klebsiella pneumoniae strain Bio19 chromosome, complete genome	CP096810	5455459	4868360	4869701	99.478	7	0	0.0	2440
ISPlge4_IS110_IS1111	1342	1342	1	1342	emb|OW849149.1|	Klebsiella pneumoniae isolate 273 genome assembly, plasmid: P2	OW849149	98537	48628	47288	96.721	43	1	0.0	2233
ISPlge4_IS110_IS1111	1342	1342	1	1342	emb|OW849148.1|	Klebsiella pneumoniae isolate 273 genome assembly, plasmid: P1	OW849148	162963	26089	24749	96.721	43	1	0.0	2233
ISPlge4_IS110_IS1111	1342	1342	1	1342	emb|OW849147.1|	Klebsiella pneumoniae isolate 273 genome assembly, chromosome: main	OW849147	5366670	4997767	4999107	96.721	43	1	0.0	2233
ISPlge4_IS110_IS1111	1342	1342	1	1342	emb|OW849005.1|	Klebsiella pneumoniae isolate 273 genome assembly, plasmid: P2	OW849005	98537	48628	47288	96.721	43	1	0.0	2233
ISPlge4_IS110_IS1111	1342	1342	1	1342	gb|KY093014.1|	Enterobacter aerogenes strain Eaer-4382, plasmid pEaer-4382s, complete sequence	KY093014	108772	63213	61873	96.721	43	1	0.0	2233
ISPlge4_IS110_IS1111	1342	1342	1	1342	gb|KY093013.1|	Enterobacter aerogenes strain Eaer-4382, plasmid pEaer-4382b, complete sequence	KY093013	134521	88962	87622	96.721	43	1	0.0	2233
ISPlge4_IS110_IS1111	1342	1342	1	1342	gb|CP128756.1|	Klebsiella pneumoniae strain CRE-163 plasmid pCRE-163_1, complete sequence	CP128756	78618	59442	60782	96.721	43	1	0.0	2233
ISPlge4_IS110_IS1111	1342	1342	1	1342	gb|CP128755.1|	Klebsiella pneumoniae strain CRE-163 chromosome, complete genome	CP128755	5267442	1266065	1264725	96.721	43	1	0.0	2233
ISPlge4_IS110_IS1111	1342	1342	1	1342	gb|CP128755.1|	Klebsiella pneumoniae strain CRE-163 chromosome, complete genome	CP128755	5267442	2196709	2195369	96.721	43	1	0.0	2233
ISPlge4_IS110_IS1111	1342	1342	1	1342	gb|CP128755.1|	Klebsiella pneumoniae strain CRE-163 chromosome, complete genome	CP128755	5267442	4918360	4919700	96.721	43	1	0.0	2233
ISPlge4_IS110_IS1111	1342	1343	1	1342	gb|CP128755.1|	Klebsiella pneumoniae strain CRE-163 chromosome, complete genome	CP128755	5267442	5210566	5211907	96.649	43	2	0.0	2230
ISPlge4_IS110_IS1111	1342	1342	1	1342	gb|CP106899.1|	Enterobacter hormaechei strain EHX_SINK_001 plasmid unnamed1	CP106899	261708	148681	147341	96.721	43	1	0.0	2233
ISPlge4_IS110_IS1111	1342	1342	1	1342	gb|CP106898.1|	Enterobacter hormaechei strain EHX_SINK_001 chromosome	CP106898	4710774	76068	77408	96.721	43	1	0.0	2233
ISPlge4_IS110_IS1111	1342	1342	1	1342	gb|CP106895.1|	Enterobacter hormaechei strain EHX_PAT_001 plasmid unnamed1, complete sequence	CP106895	262065	218226	219566	96.721	43	1	0.0	2233
ISPlge4_IS110_IS1111	1342	1342	1	1342	gb|CP106894.1|	Enterobacter hormaechei strain EHX_PAT_001 chromosome, complete genome	CP106894	4726467	358972	360312	96.721	43	1	0.0	2233
ISPlge4_IS110_IS1111	1342	1342	1	1342	gb|CP098346.1|	Klebsiella pneumoniae strain 53009_G1 plasmid p53009-167.9, complete sequence	CP098346	167851	145658	146998	96.721	43	1	0.0	2233
ISPlge4_IS110_IS1111	1342	1342	1	1342	gb|CP098345.1|	Klebsiella pneumoniae strain 53009_G1 plasmid p53009-126.3, complete sequence	CP098345	126321	76360	75020	96.721	43	1	0.0	2233
ISPlge4_IS110_IS1111	1342	1342	1	1342	gb|CP098343.1|	Klebsiella pneumoniae strain 53009_G1 chromosome, complete genome	CP098343	5550556	4197393	4196053	96.721	43	1	0.0	2233
ISPlge4_IS110_IS1111	1342	1342	1	1342	gb|CP098343.1|	Klebsiella pneumoniae strain 53009_G1 chromosome, complete genome	CP098343	5550556	4875643	4876983	96.721	43	1	0.0	2233
ISPlge4_IS110_IS1111	1342	1342	1	1342	gb|CP098343.1|	Klebsiella pneumoniae strain 53009_G1 chromosome, complete genome	CP098343	5550556	5189907	5191247	96.721	43	1	0.0	2233
ISPlge4_IS110_IS1111	1342	1342	1	1342	gb|CP098342.1|	Klebsiella pneumoniae strain 53015_G7 plasmid p53015-126.5, complete sequence	CP098342	126542	76581	75241	96.721	43	1	0.0	2233
ISPlge4_IS110_IS1111	1342	1342	1	1342	gb|CP098340.1|	Klebsiella pneumoniae strain 53015_G7 chromosome, complete genome	CP098340	5542117	4190304	4188964	96.721	43	1	0.0	2233
ISPlge4_IS110_IS1111	1342	1342	1	1342	gb|CP098340.1|	Klebsiella pneumoniae strain 53015_G7 chromosome, complete genome	CP098340	5542117	4867204	4868544	96.721	43	1	0.0	2233
ISPlge4_IS110_IS1111	1342	1342	1	1342	gb|CP098340.1|	Klebsiella pneumoniae strain 53015_G7 chromosome, complete genome	CP098340	5542117	5181468	5182808	96.721	43	1	0.0	2233
ISPlge4_IS110_IS1111	1342	1342	1	1342	gb|CP074562.1|	Klebsiella pneumoniae strain S40_CRE5b plasmid pCRE5b_1	CP074562	321083	250048	248708	96.721	43	1	0.0	2233
ISPlge4_IS110_IS1111	1342	1342	1	1342	gb|CP074462.1|	Klebsiella pneumoniae strain S5_CRE5a plasmid pCRE5_2	CP074462	1528	29	1369	96.721	43	1	0.0	2233
ISPlge4_IS110_IS1111	1342	1342	1	1342	gb|CP074455.1|	Klebsiella pneumoniae strain S5_CRE5a plasmid pCRE5_1, complete sequence	CP074455	159477	137284	138624	96.721	43	1	0.0	2233
ISPlge4_IS110_IS1111	1342	1342	1	1342	gb|CP026048.1|	Raoultella planticola strain FDAARGOS_64 plasmid unnamed1, complete sequence	CP026048	127313	122103	123443	96.721	43	1	0.0	2233
ISPlge4_IS110_IS1111	1342	1342	1	1342	gb|CP124806.1|	Klebsiella variicola strain J57 plasmid unnamed2, complete sequence	CP124806	97591	58647	57307	96.647	44	1	0.0	2228
ISPlge4_IS110_IS1111	1342	1342	1	1342	gb|CP055519.1|	Klebsiella pneumoniae strain RHBSTW-00405 plasmid pRHBSTW-00405_3, complete sequence	CP055519	115594	62890	61551	95.678	56	1	0.0	2156
ISPlge4_IS110_IS1111	1342	1347	1	1342	gb|OP378654.1|	Klebsiella pneumoniae strain KLP00172 plasmid pKLP00172_2, complete sequence	OP378654	166588	144442	145777	95.397	46	11	0.0	2130
ISPsy35_IS110_unknown	1701	1701	1	1701	gb|CP136504.1|	Pseudomonas syringae pv. actinidiae strain JZY2 chromosome, complete genome	CP136504	6425381	369266	367566	100.000	0	0	0.0	3142
ISPsy35_IS110_unknown	1701	1701	1	1701	gb|CP136504.1|	Pseudomonas syringae pv. actinidiae strain JZY2 chromosome, complete genome	CP136504	6425381	3861070	3862770	100.000	0	0	0.0	3142
ISPsy35_IS110_unknown	1701	1701	1	1701	gb|CP136504.1|	Pseudomonas syringae pv. actinidiae strain JZY2 chromosome, complete genome	CP136504	6425381	4258668	4260368	100.000	0	0	0.0	3142
ISPsy35_IS110_unknown	1701	1701	1	1701	gb|CP135285.1|	Pseudomonas syringae pv. actinidiae strain Yunnan2.4 chromosome, complete genome	CP135285	6361850	366819	365119	100.000	0	0	0.0	3142
ISPsy35_IS110_unknown	1701	1701	1	1701	gb|CP135285.1|	Pseudomonas syringae pv. actinidiae strain Yunnan2.4 chromosome, complete genome	CP135285	6361850	1287363	1285663	99.941	1	0	0.0	3136
ISPsy35_IS110_unknown	1701	1707	1	1701	gb|CP135285.1|	Pseudomonas syringae pv. actinidiae strain Yunnan2.4 chromosome, complete genome	CP135285	6361850	1718119	1716413	99.590	1	2	0.0	3109
ISPsy35_IS110_unknown	1701	1701	1	1701	gb|CP135283.1|	Pseudomonas syringae pv. actinidiae strain Yunnan3.2 chromosome, complete genome	CP135283	6564315	5047881	5049581	100.000	0	0	0.0	3142
ISPsy35_IS110_unknown	1701	1703	1	1701	gb|CP135283.1|	Pseudomonas syringae pv. actinidiae strain Yunnan3.2 chromosome, complete genome	CP135283	6564315	6021584	6023286	99.883	0	1	0.0	3133
ISPsy35_IS110_unknown	1701	1701	1	1701	gb|CP135283.1|	Pseudomonas syringae pv. actinidiae strain Yunnan3.2 chromosome, complete genome	CP135283	6564315	4641604	4643303	99.882	1	1	0.0	3129
ISPsy35_IS110_unknown	1701	1701	1	1701	gb|CP134066.1|	Pseudomonas syringae pv. actinidiae strain QSY6 chromosome, complete genome	CP134066	6557569	5046818	5048518	100.000	0	0	0.0	3142
ISPsy35_IS110_unknown	1701	1701	1	1701	gb|CP134066.1|	Pseudomonas syringae pv. actinidiae strain QSY6 chromosome, complete genome	CP134066	6557569	6013153	6014853	100.000	0	0	0.0	3142
ISPsy35_IS110_unknown	1701	1701	1	1701	gb|CP134066.1|	Pseudomonas syringae pv. actinidiae strain QSY6 chromosome, complete genome	CP134066	6557569	4638868	4640568	99.941	1	0	0.0	3136
ISPsy35_IS110_unknown	1701	1701	1	1701	gb|CP116478.1|	Pseudomonas syringae pv. actinidiae strain PSA.AH.01 chromosome, complete genome	CP116478	6529123	369562	367862	100.000	0	0	0.0	3142
ISPsy35_IS110_unknown	1701	1701	1	1701	gb|CP116478.1|	Pseudomonas syringae pv. actinidiae strain PSA.AH.01 chromosome, complete genome	CP116478	6529123	1294493	1292793	99.941	1	0	0.0	3136
ISPsy35_IS110_unknown	1701	1701	1	1701	gb|CP116478.1|	Pseudomonas syringae pv. actinidiae strain PSA.AH.01 chromosome, complete genome	CP116478	6529123	1727265	1725565	99.941	1	0	0.0	3136
ISPsy35_IS110_unknown	1701	1701	1	1701	gb|CP032871.1|	Pseudomonas syringae pv. actinidiae strain P155 chromosome, complete genome	CP032871	6529859	5134634	5136334	100.000	0	0	0.0	3142
ISPsy35_IS110_unknown	1701	1701	1	1701	gb|CP032871.1|	Pseudomonas syringae pv. actinidiae strain P155 chromosome, complete genome	CP032871	6529859	459303	457603	99.941	1	0	0.0	3136
ISPsy35_IS110_unknown	1701	1701	1	1701	gb|CP032871.1|	Pseudomonas syringae pv. actinidiae strain P155 chromosome, complete genome	CP032871	6529859	4735647	4737347	99.941	1	0	0.0	3136
ISPsy35_IS110_unknown	1701	1701	1	1701	gb|CP019732.1|	Pseudomonas syringae pv. actinidiae strain CRAFRU 14.08, complete genome	CP019732	6546028	2206682	2204982	100.000	0	0	0.0	3142
ISPsy35_IS110_unknown	1701	1701	1	1701	gb|CP019732.1|	Pseudomonas syringae pv. actinidiae strain CRAFRU 14.08, complete genome	CP019732	6546028	6004616	6006316	100.000	0	0	0.0	3142
ISPsy35_IS110_unknown	1701	1701	1	1701	gb|CP019732.1|	Pseudomonas syringae pv. actinidiae strain CRAFRU 14.08, complete genome	CP019732	6546028	2612905	2611205	99.941	1	0	0.0	3136
ISPsy35_IS110_unknown	1701	1701	1	1701	gb|CP019730.1|	Pseudomonas syringae pv. actinidiae strain CRAFRU 12.29, complete genome	CP019730	6545549	5134424	5136124	100.000	0	0	0.0	3142
ISPsy35_IS110_unknown	1701	1701	1	1701	gb|CP019730.1|	Pseudomonas syringae pv. actinidiae strain CRAFRU 12.29, complete genome	CP019730	6545549	6004137	6005837	100.000	0	0	0.0	3142
ISPsy35_IS110_unknown	1701	1701	1	1701	gb|CP019730.1|	Pseudomonas syringae pv. actinidiae strain CRAFRU 12.29, complete genome	CP019730	6545549	4728201	4729901	99.941	1	0	0.0	3136
ISPsy35_IS110_unknown	1701	1701	1	1701	gb|CP017009.1|	Pseudomonas syringae pv. actinidiae strain NZ-47, complete genome	CP017009	6545910	5040546	5042246	100.000	0	0	0.0	3142
ISPsy35_IS110_unknown	1701	1701	1	1701	gb|CP017009.1|	Pseudomonas syringae pv. actinidiae strain NZ-47, complete genome	CP017009	6545910	6003325	6005025	100.000	0	0	0.0	3142
ISPsy35_IS110_unknown	1701	1701	1	1701	gb|CP017009.1|	Pseudomonas syringae pv. actinidiae strain NZ-47, complete genome	CP017009	6545910	4634267	4635967	99.941	1	0	0.0	3136
ISPsy35_IS110_unknown	1701	1701	1	1701	gb|CP017007.1|	Pseudomonas syringae pv. actinidiae strain NZ-45, complete genome	CP017007	6665031	5143229	5144929	100.000	0	0	0.0	3142
ISPsy35_IS110_unknown	1701	1701	1	1701	gb|CP017007.1|	Pseudomonas syringae pv. actinidiae strain NZ-45, complete genome	CP017007	6665031	6122447	6124147	100.000	0	0	0.0	3142
ISPsy35_IS110_unknown	1701	1701	1	1701	gb|CP017007.1|	Pseudomonas syringae pv. actinidiae strain NZ-45, complete genome	CP017007	6665031	4736950	4738650	99.941	1	0	0.0	3136
ISPsy35_IS110_unknown	1701	1701	1	1701	gb|CP012179.1|	Pseudomonas syringae pv. actinidiae ICMP 18708, complete genome	CP012179	6555571	5040549	5042249	100.000	0	0	0.0	3142
ISPsy35_IS110_unknown	1701	1701	1	1701	gb|CP012179.1|	Pseudomonas syringae pv. actinidiae ICMP 18708, complete genome	CP012179	6555571	6012986	6014686	100.000	0	0	0.0	3142
ISPsy35_IS110_unknown	1701	1701	1	1701	gb|CP012179.1|	Pseudomonas syringae pv. actinidiae ICMP 18708, complete genome	CP012179	6555571	4634270	4635970	99.941	1	0	0.0	3136
ISPsy35_IS110_unknown	1701	1701	1	1701	gb|CP011972.2|	Pseudomonas syringae pv. actinidiae ICMP 18884, complete genome	CP011972	6555569	5040546	5042246	100.000	0	0	0.0	3142
ISPsy35_IS110_unknown	1701	1701	1	1701	gb|CP011972.2|	Pseudomonas syringae pv. actinidiae ICMP 18884, complete genome	CP011972	6555569	6012984	6014684	100.000	0	0	0.0	3142
ISPsy35_IS110_unknown	1701	1701	1	1701	gb|CP011972.2|	Pseudomonas syringae pv. actinidiae ICMP 18884, complete genome	CP011972	6555569	4634267	4635967	99.941	1	0	0.0	3136
ISPsy35_IS110_unknown	1701	1701	1	1701	dbj|AP019808.1|	Pseudomonas syringae pv. actinidiae MAFF212211 DNA, complete genome	AP019808	6555610	1720896	1722596	100.000	0	0	0.0	3142
ISPsy35_IS110_unknown	1701	1701	1	1701	dbj|AP019808.1|	Pseudomonas syringae pv. actinidiae MAFF212211 DNA, complete genome	AP019808	6555610	2693322	2695022	100.000	0	0	0.0	3142
ISPsy35_IS110_unknown	1701	1701	1	1701	dbj|AP019808.1|	Pseudomonas syringae pv. actinidiae MAFF212211 DNA, complete genome	AP019808	6555610	1314617	1316317	99.941	1	0	0.0	3136
ISPsy35_IS110_unknown	1701	1701	1	1701	gb|CP136506.1|	Pseudomonas syringae pv. actinidiae strain YXH1 chromosome, complete genome	CP136506	6540856	4703844	4705544	99.941	1	0	0.0	3136
ISPsy35_IS110_unknown	1701	1701	1	1701	gb|CP136506.1|	Pseudomonas syringae pv. actinidiae strain YXH1 chromosome, complete genome	CP136506	6540856	5135209	5136909	99.941	1	0	0.0	3136
ISPsy35_IS110_unknown	1701	1492	222	1701	gb|CP136506.1|	Pseudomonas syringae pv. actinidiae strain YXH1 chromosome, complete genome	CP136506	6540856	6075827	6077314	98.928	0	5	0.0	2652
ISPsy35_IS110_unknown	1701	1701	1	1701	gb|CP032631.1|	Pseudomonas syringae pv. actinidiae str. Shaanxi_M228 chromosome, complete genome	CP032631	6674594	4835570	4837270	99.941	1	0	0.0	3136
ISPsy35_IS110_unknown	1701	1701	1	1701	gb|CP032631.1|	Pseudomonas syringae pv. actinidiae str. Shaanxi_M228 chromosome, complete genome	CP032631	6674594	5237663	5239363	99.941	1	0	0.0	3136
ISPsy35_IS110_unknown	1701	1701	1	1701	gb|CP032631.1|	Pseudomonas syringae pv. actinidiae str. Shaanxi_M228 chromosome, complete genome	CP032631	6674594	6194737	6196437	99.941	1	0	0.0	3136
ISPsy35_IS110_unknown	1701	1701	1	1701	dbj|AP019411.1|	Pseudomonas syringae pv. actinidiae MAFF613020 DNA, complete genome	AP019411	6547875	5883674	5881974	99.824	3	0	0.0	3125
ISPsy35_IS110_unknown	1701	1701	1	1701	gb|CP018202.1|	Pseudomonas syringae pv. actinidiae ICMP 9853 chromosome, complete genome	CP018202	6439609	4800110	4801810	99.765	4	0	0.0	3120
ISPsy35_IS110_unknown	1701	1701	1	1701	gb|CP081457.1|	Pseudomonas syringae pv. actinidifoliorum ICMP 18803 chromosome, complete genome	CP081457	6353853	5853470	5855170	99.706	5	0	0.0	3114
ISPsy35_IS110_unknown	1701	1701	1	1701	gb|CP081457.1|	Pseudomonas syringae pv. actinidifoliorum ICMP 18803 chromosome, complete genome	CP081457	6353853	4456638	4458338	99.647	6	0	0.0	3109
ISPsy35_IS110_unknown	1701	1701	1	1701	gb|CP081457.1|	Pseudomonas syringae pv. actinidifoliorum ICMP 18803 chromosome, complete genome	CP081457	6353853	3381259	3382959	99.588	7	0	0.0	3103
ISPsy35_IS110_unknown	1701	1701	1	1701	gb|CP081457.1|	Pseudomonas syringae pv. actinidifoliorum ICMP 18803 chromosome, complete genome	CP081457	6353853	2664760	2666460	99.530	8	0	0.0	3097
ISPsy35_IS110_unknown	1701	1701	1	1701	gb|CP081457.1|	Pseudomonas syringae pv. actinidifoliorum ICMP 18803 chromosome, complete genome	CP081457	6353853	3381034	3379334	99.530	8	0	0.0	3097
ISPsy35_IS110_unknown	1701	1701	1	1701	gb|CP081457.1|	Pseudomonas syringae pv. actinidifoliorum ICMP 18803 chromosome, complete genome	CP081457	6353853	4047818	4049518	99.471	9	0	0.0	3092
ISPsy35_IS110_unknown	1701	1701	1	1701	gb|CP081457.1|	Pseudomonas syringae pv. actinidifoliorum ICMP 18803 chromosome, complete genome	CP081457	6353853	5434041	5435741	99.471	9	0	0.0	3092
ISPsy35_IS110_unknown	1701	1696	1	1696	gb|CP081457.1|	Pseudomonas syringae pv. actinidifoliorum ICMP 18803 chromosome, complete genome	CP081457	6353853	5921822	5920127	99.469	9	0	0.0	3083
ISPsy35_IS110_unknown	1701	1701	1	1701	gb|CP024712.1|	Pseudomonas syringae pv. actinidiae strain MAFF212063 chromosome, complete genome	CP024712	6556999	1815616	1813916	99.647	6	0	0.0	3109
