LC746220	98341-98540	minus	ISPlge4_IS110_IS1111_within_LC746220_leftFlank_98341-98540_rightFlank_99883-100082_RC
CP089327	92587-92786	minus	ISPlge4_IS110_IS1111_within_CP089327_leftFlank_92587-92786_rightFlank_94129-94328_RC
CP084790	178759-178958	plus	ISPlge4_IS110_IS1111_within_CP084790_leftFlank_177217-177416_rightFlank_178759-178958
CP084789	5104779-5104978	plus	ISPlge4_IS110_IS1111_within_CP084789_leftFlank_5103237-5103436_rightFlank_5104779-5104978
CP065841	701462-701661	plus	ISPlge4_IS110_IS1111_within_CP065841_leftFlank_699920-700119_rightFlank_701462-701661
CP058119	98732-98931	minus	ISPlge4_IS110_IS1111_within_CP058119_leftFlank_98732-98931_rightFlank_100274-100473_RC
CP058119	175377-175576	minus	ISPlge4_IS110_IS1111_within_CP058119_leftFlank_175377-175576_rightFlank_176919-177118_RC
CP058118	4401324-4401523	minus	ISPlge4_IS110_IS1111_within_CP058118_leftFlank_4401324-4401523_rightFlank_4402866-4403065_RC
CP044111	423136-423335	minus	ISPlge4_IS110_IS1111_within_CP044111_leftFlank_423136-423335_rightFlank_424678-424877_RC
CP044109	1186312-1186511	minus	ISPlge4_IS110_IS1111_within_CP044109_leftFlank_1186312-1186511_rightFlank_1187854-1188053_RC
CP041515	3953077-3953276	minus	ISPlge4_IS110_IS1111_within_CP041515_leftFlank_3953077-3953276_rightFlank_3954619-3954818_RC
CP041514	54487-54686	minus	ISPlge4_IS110_IS1111_within_CP041514_leftFlank_54487-54686_rightFlank_56029-56228_RC
CP041514	169503-169702	plus	ISPlge4_IS110_IS1111_within_CP041514_leftFlank_167961-168160_rightFlank_169503-169702
CP014777	69341-69540	minus	ISPlge4_IS110_IS1111_within_CP014777_leftFlank_69341-69540_rightFlank_70883-71082_RC
AP026913	4589819-4590018	plus	ISPlge4_IS110_IS1111_within_AP026913_leftFlank_4588277-4588476_rightFlank_4589819-4590018
AP026913	4988821-4989020	plus	ISPlge4_IS110_IS1111_within_AP026913_leftFlank_4987279-4987478_rightFlank_4988821-4989020
AP026912	4593972-4594171	plus	ISPlge4_IS110_IS1111_within_AP026912_leftFlank_4592430-4592629_rightFlank_4593972-4594171
AP026912	4992737-4992936	plus	ISPlge4_IS110_IS1111_within_AP026912_leftFlank_4991195-4991394_rightFlank_4992737-4992936
AP022358	166953-167152	plus	ISPlge4_IS110_IS1111_within_AP022358_leftFlank_165411-165610_rightFlank_166953-167152
AP022115	51010-51209	minus	ISPlge4_IS110_IS1111_within_AP022115_leftFlank_51010-51209_rightFlank_52552-52751_RC
AP022114	48813-49012	plus	ISPlge4_IS110_IS1111_within_AP022114_leftFlank_47271-47470_rightFlank_48813-49012
AP022113	94409-94608	minus	ISPlge4_IS110_IS1111_within_AP022113_leftFlank_94409-94608_rightFlank_95951-96150_RC
AP022009	4950-5149	minus	ISPlge4_IS110_IS1111_within_AP022009_leftFlank_4950-5149_rightFlank_6492-6691_RC
AP022006	12299-12498	plus	ISPlge4_IS110_IS1111_within_AP022006_leftFlank_10757-10956_rightFlank_12299-12498
AP019405	179350-179549	plus	ISPlge4_IS110_IS1111_within_AP019405_leftFlank_177808-178007_rightFlank_179350-179549
AP019401	110901-111100	plus	ISPlge4_IS110_IS1111_within_AP019401_leftFlank_109359-109558_rightFlank_110901-111100
CP061932	78181-78380	plus	ISPlge4_IS110_IS1111_within_CP061932_leftFlank_76639-76838_rightFlank_78181-78380
CP055332	98180-98379	minus	ISPlge4_IS110_IS1111_within_CP055332_leftFlank_98180-98379_rightFlank_99722-99921_RC
AP022112	5235001-5235200	plus	ISPlge4_IS110_IS1111_within_AP022112_leftFlank_5233463-5233662_rightFlank_5235001-5235200
MT468575	48678-48877	plus	ISPlge4_IS110_IS1111_within_MT468575_leftFlank_47136-47335_rightFlank_48678-48877
CP099749	223673-223872	plus	ISPlge4_IS110_IS1111_within_CP099749_leftFlank_222131-222330_rightFlank_223673-223872
CP099744	223934-224133	plus	ISPlge4_IS110_IS1111_within_CP099744_leftFlank_222392-222591_rightFlank_223934-224133
OW967382	234434-234633	plus	ISPlge4_IS110_IS1111_within_OW967382_leftFlank_232892-233091_rightFlank_234434-234633
CP110559	231126-231325	minus	ISPlge4_IS110_IS1111_within_CP110559_leftFlank_231126-231325_rightFlank_232668-232867_RC
CP096811	270-469	minus	ISPlge4_IS110_IS1111_within_CP096811_leftFlank_270-469_rightFlank_1812-2011_RC
CP096810	4869702-4869901	plus	ISPlge4_IS110_IS1111_within_CP096810_leftFlank_4868160-4868359_rightFlank_4869702-4869901
OW849149	47088-47287	minus	ISPlge4_IS110_IS1111_within_OW849149_leftFlank_47088-47287_rightFlank_48629-48828_RC
OW849148	24549-24748	minus	ISPlge4_IS110_IS1111_within_OW849148_leftFlank_24549-24748_rightFlank_26090-26289_RC
OW849147	4999108-4999307	plus	ISPlge4_IS110_IS1111_within_OW849147_leftFlank_4997567-4997766_rightFlank_4999108-4999307
OW849005	47088-47287	minus	ISPlge4_IS110_IS1111_within_OW849005_leftFlank_47088-47287_rightFlank_48629-48828_RC
KY093014	61673-61872	minus	ISPlge4_IS110_IS1111_within_KY093014_leftFlank_61673-61872_rightFlank_63214-63413_RC
KY093013	87422-87621	minus	ISPlge4_IS110_IS1111_within_KY093013_leftFlank_87422-87621_rightFlank_88963-89162_RC
CP128756	60783-60982	plus	ISPlge4_IS110_IS1111_within_CP128756_leftFlank_59242-59441_rightFlank_60783-60982
CP128755	1264525-1264724	minus	ISPlge4_IS110_IS1111_within_CP128755_leftFlank_1264525-1264724_rightFlank_1266066-1266265_RC
CP128755	2195169-2195368	minus	ISPlge4_IS110_IS1111_within_CP128755_leftFlank_2195169-2195368_rightFlank_2196710-2196909_RC
CP128755	4919701-4919900	plus	ISPlge4_IS110_IS1111_within_CP128755_leftFlank_4918160-4918359_rightFlank_4919701-4919900
CP128755	5211908-5212107	plus	ISPlge4_IS110_IS1111_within_CP128755_leftFlank_5210366-5210565_rightFlank_5211908-5212107
CP106899	147141-147340	minus	ISPlge4_IS110_IS1111_within_CP106899_leftFlank_147141-147340_rightFlank_148682-148881_RC
CP106898	77409-77608	plus	ISPlge4_IS110_IS1111_within_CP106898_leftFlank_75868-76067_rightFlank_77409-77608
CP106895	219567-219766	plus	ISPlge4_IS110_IS1111_within_CP106895_leftFlank_218026-218225_rightFlank_219567-219766
CP106894	360313-360512	plus	ISPlge4_IS110_IS1111_within_CP106894_leftFlank_358772-358971_rightFlank_360313-360512
CP098346	146999-147198	plus	ISPlge4_IS110_IS1111_within_CP098346_leftFlank_145458-145657_rightFlank_146999-147198
CP098345	74820-75019	minus	ISPlge4_IS110_IS1111_within_CP098345_leftFlank_74820-75019_rightFlank_76361-76560_RC
CP098343	4195853-4196052	minus	ISPlge4_IS110_IS1111_within_CP098343_leftFlank_4195853-4196052_rightFlank_4197394-4197593_RC
CP098343	4876984-4877183	plus	ISPlge4_IS110_IS1111_within_CP098343_leftFlank_4875443-4875642_rightFlank_4876984-4877183
CP098343	5191248-5191447	plus	ISPlge4_IS110_IS1111_within_CP098343_leftFlank_5189707-5189906_rightFlank_5191248-5191447
CP098342	75041-75240	minus	ISPlge4_IS110_IS1111_within_CP098342_leftFlank_75041-75240_rightFlank_76582-76781_RC
CP098340	4188764-4188963	minus	ISPlge4_IS110_IS1111_within_CP098340_leftFlank_4188764-4188963_rightFlank_4190305-4190504_RC
CP098340	4868545-4868744	plus	ISPlge4_IS110_IS1111_within_CP098340_leftFlank_4867004-4867203_rightFlank_4868545-4868744
CP098340	5182809-5183008	plus	ISPlge4_IS110_IS1111_within_CP098340_leftFlank_5181268-5181467_rightFlank_5182809-5183008
CP074562	248508-248707	minus	ISPlge4_IS110_IS1111_within_CP074562_leftFlank_248508-248707_rightFlank_250049-250248_RC
CP074462	1370-1528	plus	ISPlge4_IS110_IS1111_within_CP074462_leftFlank_1-28_rightFlank_1370-1528
CP074455	138625-138824	plus	ISPlge4_IS110_IS1111_within_CP074455_leftFlank_137084-137283_rightFlank_138625-138824
CP026048	123444-123643	plus	ISPlge4_IS110_IS1111_within_CP026048_leftFlank_121903-122102_rightFlank_123444-123643
CP124806	57107-57306	minus	ISPlge4_IS110_IS1111_within_CP124806_leftFlank_57107-57306_rightFlank_58648-58847_RC
CP055519	61351-61550	minus	ISPlge4_IS110_IS1111_within_CP055519_leftFlank_61351-61550_rightFlank_62891-63090_RC
OP378654	145778-145977	plus	ISPlge4_IS110_IS1111_within_OP378654_leftFlank_144242-144441_rightFlank_145778-145977
CP136504	367366-367565	minus	ISPsy35_IS110_unknown_within_CP136504_leftFlank_367366-367565_rightFlank_369267-369466_RC
CP136504	3862771-3862970	plus	ISPsy35_IS110_unknown_within_CP136504_leftFlank_3860870-3861069_rightFlank_3862771-3862970
CP136504	4260369-4260568	plus	ISPsy35_IS110_unknown_within_CP136504_leftFlank_4258468-4258667_rightFlank_4260369-4260568
CP135285	364919-365118	minus	ISPsy35_IS110_unknown_within_CP135285_leftFlank_364919-365118_rightFlank_366820-367019_RC
CP135285	1285463-1285662	minus	ISPsy35_IS110_unknown_within_CP135285_leftFlank_1285463-1285662_rightFlank_1287364-1287563_RC
CP135285	1716213-1716412	minus	ISPsy35_IS110_unknown_within_CP135285_leftFlank_1716213-1716412_rightFlank_1718120-1718319_RC
CP135283	5049582-5049781	plus	ISPsy35_IS110_unknown_within_CP135283_leftFlank_5047681-5047880_rightFlank_5049582-5049781
CP135283	6023287-6023486	plus	ISPsy35_IS110_unknown_within_CP135283_leftFlank_6021384-6021583_rightFlank_6023287-6023486
CP135283	4643304-4643503	plus	ISPsy35_IS110_unknown_within_CP135283_leftFlank_4641404-4641603_rightFlank_4643304-4643503
CP134066	5048519-5048718	plus	ISPsy35_IS110_unknown_within_CP134066_leftFlank_5046618-5046817_rightFlank_5048519-5048718
CP134066	6014854-6015053	plus	ISPsy35_IS110_unknown_within_CP134066_leftFlank_6012953-6013152_rightFlank_6014854-6015053
CP134066	4640569-4640768	plus	ISPsy35_IS110_unknown_within_CP134066_leftFlank_4638668-4638867_rightFlank_4640569-4640768
CP116478	367662-367861	minus	ISPsy35_IS110_unknown_within_CP116478_leftFlank_367662-367861_rightFlank_369563-369762_RC
CP116478	1292593-1292792	minus	ISPsy35_IS110_unknown_within_CP116478_leftFlank_1292593-1292792_rightFlank_1294494-1294693_RC
CP116478	1725365-1725564	minus	ISPsy35_IS110_unknown_within_CP116478_leftFlank_1725365-1725564_rightFlank_1727266-1727465_RC
CP032871	5136335-5136534	plus	ISPsy35_IS110_unknown_within_CP032871_leftFlank_5134434-5134633_rightFlank_5136335-5136534
CP032871	457403-457602	minus	ISPsy35_IS110_unknown_within_CP032871_leftFlank_457403-457602_rightFlank_459304-459503_RC
CP032871	4737348-4737547	plus	ISPsy35_IS110_unknown_within_CP032871_leftFlank_4735447-4735646_rightFlank_4737348-4737547
CP019732	2204782-2204981	minus	ISPsy35_IS110_unknown_within_CP019732_leftFlank_2204782-2204981_rightFlank_2206683-2206882_RC
CP019732	6006317-6006516	plus	ISPsy35_IS110_unknown_within_CP019732_leftFlank_6004416-6004615_rightFlank_6006317-6006516
CP019732	2611005-2611204	minus	ISPsy35_IS110_unknown_within_CP019732_leftFlank_2611005-2611204_rightFlank_2612906-2613105_RC
CP019730	5136125-5136324	plus	ISPsy35_IS110_unknown_within_CP019730_leftFlank_5134224-5134423_rightFlank_5136125-5136324
CP019730	6005838-6006037	plus	ISPsy35_IS110_unknown_within_CP019730_leftFlank_6003937-6004136_rightFlank_6005838-6006037
CP019730	4729902-4730101	plus	ISPsy35_IS110_unknown_within_CP019730_leftFlank_4728001-4728200_rightFlank_4729902-4730101
CP017009	5042247-5042446	plus	ISPsy35_IS110_unknown_within_CP017009_leftFlank_5040346-5040545_rightFlank_5042247-5042446
CP017009	6005026-6005225	plus	ISPsy35_IS110_unknown_within_CP017009_leftFlank_6003125-6003324_rightFlank_6005026-6005225
CP017009	4635968-4636167	plus	ISPsy35_IS110_unknown_within_CP017009_leftFlank_4634067-4634266_rightFlank_4635968-4636167
CP017007	5144930-5145129	plus	ISPsy35_IS110_unknown_within_CP017007_leftFlank_5143029-5143228_rightFlank_5144930-5145129
CP017007	6124148-6124347	plus	ISPsy35_IS110_unknown_within_CP017007_leftFlank_6122247-6122446_rightFlank_6124148-6124347
CP017007	4738651-4738850	plus	ISPsy35_IS110_unknown_within_CP017007_leftFlank_4736750-4736949_rightFlank_4738651-4738850
CP012179	5042250-5042449	plus	ISPsy35_IS110_unknown_within_CP012179_leftFlank_5040349-5040548_rightFlank_5042250-5042449
CP012179	6014687-6014886	plus	ISPsy35_IS110_unknown_within_CP012179_leftFlank_6012786-6012985_rightFlank_6014687-6014886
CP012179	4635971-4636170	plus	ISPsy35_IS110_unknown_within_CP012179_leftFlank_4634070-4634269_rightFlank_4635971-4636170
CP011972	5042247-5042446	plus	ISPsy35_IS110_unknown_within_CP011972_leftFlank_5040346-5040545_rightFlank_5042247-5042446
CP011972	6014685-6014884	plus	ISPsy35_IS110_unknown_within_CP011972_leftFlank_6012784-6012983_rightFlank_6014685-6014884
CP011972	4635968-4636167	plus	ISPsy35_IS110_unknown_within_CP011972_leftFlank_4634067-4634266_rightFlank_4635968-4636167
AP019808	1722597-1722796	plus	ISPsy35_IS110_unknown_within_AP019808_leftFlank_1720696-1720895_rightFlank_1722597-1722796
AP019808	2695023-2695222	plus	ISPsy35_IS110_unknown_within_AP019808_leftFlank_2693122-2693321_rightFlank_2695023-2695222
AP019808	1316318-1316517	plus	ISPsy35_IS110_unknown_within_AP019808_leftFlank_1314417-1314616_rightFlank_1316318-1316517
CP136506	4705545-4705744	plus	ISPsy35_IS110_unknown_within_CP136506_leftFlank_4703644-4703843_rightFlank_4705545-4705744
CP136506	5136910-5137109	plus	ISPsy35_IS110_unknown_within_CP136506_leftFlank_5135009-5135208_rightFlank_5136910-5137109
CP032631	4837271-4837470	plus	ISPsy35_IS110_unknown_within_CP032631_leftFlank_4835370-4835569_rightFlank_4837271-4837470
CP032631	5239364-5239563	plus	ISPsy35_IS110_unknown_within_CP032631_leftFlank_5237463-5237662_rightFlank_5239364-5239563
CP032631	6196438-6196637	plus	ISPsy35_IS110_unknown_within_CP032631_leftFlank_6194537-6194736_rightFlank_6196438-6196637
AP019411	5881774-5881973	minus	ISPsy35_IS110_unknown_within_AP019411_leftFlank_5881774-5881973_rightFlank_5883675-5883874_RC
CP018202	4801811-4802010	plus	ISPsy35_IS110_unknown_within_CP018202_leftFlank_4799910-4800109_rightFlank_4801811-4802010
CP081457	5855171-5855370	plus	ISPsy35_IS110_unknown_within_CP081457_leftFlank_5853270-5853469_rightFlank_5855171-5855370
CP081457	4458339-4458538	plus	ISPsy35_IS110_unknown_within_CP081457_leftFlank_4456438-4456637_rightFlank_4458339-4458538
CP081457	3382960-3383159	plus	ISPsy35_IS110_unknown_within_CP081457_leftFlank_3381059-3381258_rightFlank_3382960-3383159
CP081457	2666461-2666660	plus	ISPsy35_IS110_unknown_within_CP081457_leftFlank_2664560-2664759_rightFlank_2666461-2666660
CP081457	3379134-3379333	minus	ISPsy35_IS110_unknown_within_CP081457_leftFlank_3379134-3379333_rightFlank_3381035-3381234_RC
CP081457	4049519-4049718	plus	ISPsy35_IS110_unknown_within_CP081457_leftFlank_4047618-4047817_rightFlank_4049519-4049718
CP081457	5435742-5435941	plus	ISPsy35_IS110_unknown_within_CP081457_leftFlank_5433841-5434040_rightFlank_5435742-5435941
CP024712	1813716-1813915	minus	ISPsy35_IS110_unknown_within_CP024712_leftFlank_1813716-1813915_rightFlank_1815617-1815816_RC
